
Assessment complete!
  Score: 31.4/100 (Needs Improvement)
  Assessed: 22
  Skipped: 12
  Total: 34
  Duration: 1.4s

Assessment Results:
----------------------------------------------------------------------------------------------------
Test Name                           Test Result    Notes                         
----------------------------------------------------------------------------------------------------
adr_frontmatter_completeness        ⏭️ SKIPPED     No ADR files found in standard locations
agent_instructions                  ✅ PASS         100/100                       
architectural_boundaries            ❌ FAIL         no boundary enforcement found (need: at least o...
architecture_decisions              ❌ FAIL         no ADR directory (need: ADR directory with deci...
ci_quality_gates                    ❌ FAIL         no CI config (need: CI config present)
container_setup                     ⏭️ NOT_APPLICABLE Not applicable to ['JSON', 'YAML', 'Markdown', ...
conventional_commits                ❌ FAIL         not configured (need: configured)
cyclomatic_complexity               ✅ PASS         100/100                       
dbt_data_tests                      ⏭️ NOT_APPLICABLE Not applicable to ['JSON', 'YAML', 'Markdown', ...
dbt_model_documentation             ⏭️ NOT_APPLICABLE Not applicable to ['JSON', 'YAML', 'Markdown', ...
dbt_project_config                  ⏭️ NOT_APPLICABLE Not applicable to ['JSON', 'YAML', 'Markdown', ...
dbt_project_structure               ⏭️ NOT_APPLICABLE Not applicable to ['JSON', 'YAML', 'Markdown', ...
dependency_security                 ❌ FAIL         No security scanning tools configured (need: ≥6...
design_intent                       ❌ FAIL         minimal (need: design docs with preconditions/i...
deterministic_enforcement           ❌ FAIL         not configured (need: configured)
file_size_limits                    ✅ PASS         75/100                        
gitignore_completeness              ✅ PASS         75/100                        
inline_documentation                ❌ FAIL         8.6% (need: ≥80%)             
issue_pr_templates                  ❌ FAIL         PR:False, Issues:0 (need: PR template + ≥2 issu...
lint_config_coverage                ❌ FAIL         0/3 categories (need: all 3 categories (correct...
lint_suppression_density            ⏭️ SKIPPED     167 of 175 matched files could not be read (95%...
lock_files                          ⏭️ NOT_APPLICABLE No dependency manifests found (no package manag...
one_command_setup                   ✅ PASS         100/100                       
openapi_specs                       ⏭️ NOT_APPLICABLE Not applicable to ['JSON', 'YAML', 'Markdown', ...
pattern_references                  ❌ FAIL         none found (need: pattern references or skills ...
progressive_disclosure              ⏭️ NOT_APPLICABLE Not applicable to ['JSON', 'YAML', 'Markdown', ...
readme_structure                    ✅ PASS         100/100                       
separation_of_concerns              ✅ PASS         85/100                        
single_file_verification            ❌ FAIL         not documented (need: single-file lint + type-c...
standard_layout                     ❌ FAIL         0/2 directories (need: 2/2 directories)
structured_logging                  ⏭️ NOT_APPLICABLE No Python dependency files found
test_execution                      ⏭️ NOT_APPLICABLE Not applicable to ['JSON', 'YAML', 'Markdown', ...
threat_model                        ❌ FAIL         no threat model found (need: THREAT_MODEL.md wi...
type_annotations                    ❌ FAIL         0.0% (need: ≥80%)             
----------------------------------------------------------------------------------------------------

Reports generated:
  JSON: reports/ai-helpers-assess/assessment-20260923-154749.json
  HTML: reports/ai-helpers-assess/report-20260923-154749.html
  Markdown: reports/ai-helpers-assess/report-20260923-154749.md
